[     234ms] [INFO] %cDownload the React DevTools for a better development experience: https://react.dev/link/react-devtools font-weight:bold @ http://localhost:3000/_next/static/chunks/node_modules_next_dist_1e8vcs8._.js:776
[     256ms] [LOG] [HMR] connected @ http://localhost:3000/_next/static/chunks/node_modules_next_dist_1e8vcs8._.js:776
[   14175ms] [WARNING] com.microsoft.playready.recommendation: Internal testing is highly recommended prior to enabling PlayReady playback on Windows. Failure to do so may cause application instability or playback errors.

Before generating a request, setServerCertificate() must be called with a valid server certificate. Otherwise, generateRequest() could fail. @ https://embed-cdn.spotifycdn.com/_next/static/chunks/5039.a54f1bd47316601a.js:0
[   14175ms] [WARNING] com.microsoft.playready.recommendation.3000: Internal testing is highly recommended prior to enabling PlayReady playback on Windows. Failure to do so may cause application instability or playback errors.

Before generating a request, setServerCertificate() must be called with a valid server certificate. Otherwise, generateRequest() could fail. @ https://embed-cdn.spotifycdn.com/_next/static/chunks/5039.a54f1bd47316601a.js:0
[   14197ms] [WARNING] com.microsoft.playready.recommendation: Internal testing is highly recommended prior to enabling PlayReady playback on Windows. Failure to do so may cause application instability or playback errors.

Before generating a request, setServerCertificate() must be called with a valid server certificate. Otherwise, generateRequest() could fail. @ https://embed-cdn.spotifycdn.com/_next/static/chunks/5039.a54f1bd47316601a.js:0
[   14197ms] [WARNING] com.microsoft.playready.recommendation.3000: Internal testing is highly recommended prior to enabling PlayReady playback on Windows. Failure to do so may cause application instability or playback errors.

Before generating a request, setServerCertificate() must be called with a valid server certificate. Otherwise, generateRequest() could fail. @ https://embed-cdn.spotifycdn.com/_next/static/chunks/5039.a54f1bd47316601a.js:0
[   14204ms] [WARNING] com.microsoft.playready.recommendation: Internal testing is highly recommended prior to enabling PlayReady playback on Windows. Failure to do so may cause application instability or playback errors.

Before generating a request, setServerCertificate() must be called with a valid server certificate. Otherwise, generateRequest() could fail. @ https://embed-cdn.spotifycdn.com/_next/static/chunks/5039.a54f1bd47316601a.js:0
[   14204ms] [WARNING] com.microsoft.playready.recommendation.3000: Internal testing is highly recommended prior to enabling PlayReady playback on Windows. Failure to do so may cause application instability or playback errors.

Before generating a request, setServerCertificate() must be called with a valid server certificate. Otherwise, generateRequest() could fail. @ https://embed-cdn.spotifycdn.com/_next/static/chunks/5039.a54f1bd47316601a.js:0
[   14213ms] [WARNING] com.microsoft.playready.recommendation: Internal testing is highly recommended prior to enabling PlayReady playback on Windows. Failure to do so may cause application instability or playback errors.

Before generating a request, setServerCertificate() must be called with a valid server certificate. Otherwise, generateRequest() could fail. @ https://embed-cdn.spotifycdn.com/_next/static/chunks/5039.a54f1bd47316601a.js:0
[   14214ms] [WARNING] com.microsoft.playready.recommendation.3000: Internal testing is highly recommended prior to enabling PlayReady playback on Windows. Failure to do so may cause application instability or playback errors.

Before generating a request, setServerCertificate() must be called with a valid server certificate. Otherwise, generateRequest() could fail. @ https://embed-cdn.spotifycdn.com/_next/static/chunks/5039.a54f1bd47316601a.js:0
[   14175ms] [WARNING] com.microsoft.playready.recommendation: Internal testing is highly recommended prior to enabling PlayReady playback on Windows. Failure to do so may cause application instability or playback errors.

Before generating a request, setServerCertificate() must be called with a valid server certificate. Otherwise, generateRequest() could fail. @ https://embed-cdn.spotifycdn.com/_next/static/chunks/5039.a54f1bd47316601a.js:0
[   14175ms] [WARNING] com.microsoft.playready.recommendation.3000: Internal testing is highly recommended prior to enabling PlayReady playback on Windows. Failure to do so may cause application instability or playback errors.

Before generating a request, setServerCertificate() must be called with a valid server certificate. Otherwise, generateRequest() could fail. @ https://embed-cdn.spotifycdn.com/_next/static/chunks/5039.a54f1bd47316601a.js:0
[   14197ms] [WARNING] com.microsoft.playready.recommendation: Internal testing is highly recommended prior to enabling PlayReady playback on Windows. Failure to do so may cause application instability or playback errors.

Before generating a request, setServerCertificate() must be called with a valid server certificate. Otherwise, generateRequest() could fail. @ https://embed-cdn.spotifycdn.com/_next/static/chunks/5039.a54f1bd47316601a.js:0
[   14197ms] [WARNING] com.microsoft.playready.recommendation.3000: Internal testing is highly recommended prior to enabling PlayReady playback on Windows. Failure to do so may cause application instability or playback errors.

Before generating a request, setServerCertificate() must be called with a valid server certificate. Otherwise, generateRequest() could fail. @ https://embed-cdn.spotifycdn.com/_next/static/chunks/5039.a54f1bd47316601a.js:0
[   14204ms] [WARNING] com.microsoft.playready.recommendation: Internal testing is highly recommended prior to enabling PlayReady playback on Windows. Failure to do so may cause application instability or playback errors.

Before generating a request, setServerCertificate() must be called with a valid server certificate. Otherwise, generateRequest() could fail. @ https://embed-cdn.spotifycdn.com/_next/static/chunks/5039.a54f1bd47316601a.js:0
[   14204ms] [WARNING] com.microsoft.playready.recommendation.3000: Internal testing is highly recommended prior to enabling PlayReady playback on Windows. Failure to do so may cause application instability or playback errors.

Before generating a request, setServerCertificate() must be called with a valid server certificate. Otherwise, generateRequest() could fail. @ https://embed-cdn.spotifycdn.com/_next/static/chunks/5039.a54f1bd47316601a.js:0
[   14213ms] [WARNING] com.microsoft.playready.recommendation: Internal testing is highly recommended prior to enabling PlayReady playback on Windows. Failure to do so may cause application instability or playback errors.

Before generating a request, setServerCertificate() must be called with a valid server certificate. Otherwise, generateRequest() could fail. @ https://embed-cdn.spotifycdn.com/_next/static/chunks/5039.a54f1bd47316601a.js:0
[   14214ms] [WARNING] com.microsoft.playready.recommendation.3000: Internal testing is highly recommended prior to enabling PlayReady playback on Windows. Failure to do so may cause application instability or playback errors.

Before generating a request, setServerCertificate() must be called with a valid server certificate. Otherwise, generateRequest() could fail. @ https://embed-cdn.spotifycdn.com/_next/static/chunks/5039.a54f1bd47316601a.js:0
[   14234ms] [WARNING] com.microsoft.playready.recommendation: Internal testing is highly recommended prior to enabling PlayReady playback on Windows. Failure to do so may cause application instability or playback errors.

Before generating a request, setServerCertificate() must be called with a valid server certificate. Otherwise, generateRequest() could fail. @ https://embed-cdn.spotifycdn.com/_next/static/chunks/5039.a54f1bd47316601a.js:0
[   14234ms] [WARNING] com.microsoft.playready.recommendation.3000: Internal testing is highly recommended prior to enabling PlayReady playback on Windows. Failure to do so may cause application instability or playback errors.

Before generating a request, setServerCertificate() must be called with a valid server certificate. Otherwise, generateRequest() could fail. @ https://embed-cdn.spotifycdn.com/_next/static/chunks/5039.a54f1bd47316601a.js:0
[   14239ms] [WARNING] com.microsoft.playready.recommendation: Internal testing is highly recommended prior to enabling PlayReady playback on Windows. Failure to do so may cause application instability or playback errors.

Before generating a request, setServerCertificate() must be called with a valid server certificate. Otherwise, generateRequest() could fail. @ https://embed-cdn.spotifycdn.com/_next/static/chunks/5039.a54f1bd47316601a.js:0
[   14239ms] [WARNING] com.microsoft.playready.recommendation.3000: Internal testing is highly recommended prior to enabling PlayReady playback on Windows. Failure to do so may cause application instability or playback errors.

Before generating a request, setServerCertificate() must be called with a valid server certificate. Otherwise, generateRequest() could fail. @ https://embed-cdn.spotifycdn.com/_next/static/chunks/5039.a54f1bd47316601a.js:0
[   14298ms] [WARNING] com.microsoft.playready.recommendation: Internal testing is highly recommended prior to enabling PlayReady playback on Windows. Failure to do so may cause application instability or playback errors.

Before generating a request, setServerCertificate() must be called with a valid server certificate. Otherwise, generateRequest() could fail. @ https://embed-cdn.spotifycdn.com/_next/static/chunks/5039.a54f1bd47316601a.js:0
[   14298ms] [WARNING] com.microsoft.playready.recommendation.3000: Internal testing is highly recommended prior to enabling PlayReady playback on Windows. Failure to do so may cause application instability or playback errors.

Before generating a request, setServerCertificate() must be called with a valid server certificate. Otherwise, generateRequest() could fail. @ https://embed-cdn.spotifycdn.com/_next/static/chunks/5039.a54f1bd47316601a.js:0
[   14175ms] [WARNING] com.microsoft.playready.recommendation: Internal testing is highly recommended prior to enabling PlayReady playback on Windows. Failure to do so may cause application instability or playback errors.

Before generating a request, setServerCertificate() must be called with a valid server certificate. Otherwise, generateRequest() could fail. @ https://embed-cdn.spotifycdn.com/_next/static/chunks/5039.a54f1bd47316601a.js:0
[   14175ms] [WARNING] com.microsoft.playready.recommendation.3000: Internal testing is highly recommended prior to enabling PlayReady playback on Windows. Failure to do so may cause application instability or playback errors.

Before generating a request, setServerCertificate() must be called with a valid server certificate. Otherwise, generateRequest() could fail. @ https://embed-cdn.spotifycdn.com/_next/static/chunks/5039.a54f1bd47316601a.js:0
[   14197ms] [WARNING] com.microsoft.playready.recommendation: Internal testing is highly recommended prior to enabling PlayReady playback on Windows. Failure to do so may cause application instability or playback errors.

Before generating a request, setServerCertificate() must be called with a valid server certificate. Otherwise, generateRequest() could fail. @ https://embed-cdn.spotifycdn.com/_next/static/chunks/5039.a54f1bd47316601a.js:0
[   14197ms] [WARNING] com.microsoft.playready.recommendation.3000: Internal testing is highly recommended prior to enabling PlayReady playback on Windows. Failure to do so may cause application instability or playback errors.

Before generating a request, setServerCertificate() must be called with a valid server certificate. Otherwise, generateRequest() could fail. @ https://embed-cdn.spotifycdn.com/_next/static/chunks/5039.a54f1bd47316601a.js:0
[   14204ms] [WARNING] com.microsoft.playready.recommendation: Internal testing is highly recommended prior to enabling PlayReady playback on Windows. Failure to do so may cause application instability or playback errors.

Before generating a request, setServerCertificate() must be called with a valid server certificate. Otherwise, generateRequest() could fail. @ https://embed-cdn.spotifycdn.com/_next/static/chunks/5039.a54f1bd47316601a.js:0
[   14204ms] [WARNING] com.microsoft.playready.recommendation.3000: Internal testing is highly recommended prior to enabling PlayReady playback on Windows. Failure to do so may cause application instability or playback errors.

Before generating a request, setServerCertificate() must be called with a valid server certificate. Otherwise, generateRequest() could fail. @ https://embed-cdn.spotifycdn.com/_next/static/chunks/5039.a54f1bd47316601a.js:0
[   14213ms] [WARNING] com.microsoft.playready.recommendation: Internal testing is highly recommended prior to enabling PlayReady playback on Windows. Failure to do so may cause application instability or playback errors.

Before generating a request, setServerCertificate() must be called with a valid server certificate. Otherwise, generateRequest() could fail. @ https://embed-cdn.spotifycdn.com/_next/static/chunks/5039.a54f1bd47316601a.js:0
[   14214ms] [WARNING] com.microsoft.playready.recommendation.3000: Internal testing is highly recommended prior to enabling PlayReady playback on Windows. Failure to do so may cause application instability or playback errors.

Before generating a request, setServerCertificate() must be called with a valid server certificate. Otherwise, generateRequest() could fail. @ https://embed-cdn.spotifycdn.com/_next/static/chunks/5039.a54f1bd47316601a.js:0
[   14234ms] [WARNING] com.microsoft.playready.recommendation: Internal testing is highly recommended prior to enabling PlayReady playback on Windows. Failure to do so may cause application instability or playback errors.

Before generating a request, setServerCertificate() must be called with a valid server certificate. Otherwise, generateRequest() could fail. @ https://embed-cdn.spotifycdn.com/_next/static/chunks/5039.a54f1bd47316601a.js:0
[   14234ms] [WARNING] com.microsoft.playready.recommendation.3000: Internal testing is highly recommended prior to enabling PlayReady playback on Windows. Failure to do so may cause application instability or playback errors.

Before generating a request, setServerCertificate() must be called with a valid server certificate. Otherwise, generateRequest() could fail. @ https://embed-cdn.spotifycdn.com/_next/static/chunks/5039.a54f1bd47316601a.js:0
[   14239ms] [WARNING] com.microsoft.playready.recommendation: Internal testing is highly recommended prior to enabling PlayReady playback on Windows. Failure to do so may cause application instability or playback errors.

Before generating a request, setServerCertificate() must be called with a valid server certificate. Otherwise, generateRequest() could fail. @ https://embed-cdn.spotifycdn.com/_next/static/chunks/5039.a54f1bd47316601a.js:0
[   14239ms] [WARNING] com.microsoft.playready.recommendation.3000: Internal testing is highly recommended prior to enabling PlayReady playback on Windows. Failure to do so may cause application instability or playback errors.

Before generating a request, setServerCertificate() must be called with a valid server certificate. Otherwise, generateRequest() could fail. @ https://embed-cdn.spotifycdn.com/_next/static/chunks/5039.a54f1bd47316601a.js:0
[   14298ms] [WARNING] com.microsoft.playready.recommendation: Internal testing is highly recommended prior to enabling PlayReady playback on Windows. Failure to do so may cause application instability or playback errors.

Before generating a request, setServerCertificate() must be called with a valid server certificate. Otherwise, generateRequest() could fail. @ https://embed-cdn.spotifycdn.com/_next/static/chunks/5039.a54f1bd47316601a.js:0
[   14298ms] [WARNING] com.microsoft.playready.recommendation.3000: Internal testing is highly recommended prior to enabling PlayReady playback on Windows. Failure to do so may cause application instability or playback errors.

Before generating a request, setServerCertificate() must be called with a valid server certificate. Otherwise, generateRequest() could fail. @ https://embed-cdn.spotifycdn.com/_next/static/chunks/5039.a54f1bd47316601a.js:0
[   14313ms] [WARNING] com.microsoft.playready.recommendation: Internal testing is highly recommended prior to enabling PlayReady playback on Windows. Failure to do so may cause application instability or playback errors.

Before generating a request, setServerCertificate() must be called with a valid server certificate. Otherwise, generateRequest() could fail. @ https://embed-cdn.spotifycdn.com/_next/static/chunks/5039.a54f1bd47316601a.js:0
[   14313ms] [WARNING] com.microsoft.playready.recommendation.3000: Internal testing is highly recommended prior to enabling PlayReady playback on Windows. Failure to do so may cause application instability or playback errors.

Before generating a request, setServerCertificate() must be called with a valid server certificate. Otherwise, generateRequest() could fail. @ https://embed-cdn.spotifycdn.com/_next/static/chunks/5039.a54f1bd47316601a.js:0
[   14368ms] [WARNING] com.microsoft.playready.recommendation: Internal testing is highly recommended prior to enabling PlayReady playback on Windows. Failure to do so may cause application instability or playback errors.

Before generating a request, setServerCertificate() must be called with a valid server certificate. Otherwise, generateRequest() could fail. @ https://embed-cdn.spotifycdn.com/_next/static/chunks/5039.a54f1bd47316601a.js:0
[   14368ms] [WARNING] com.microsoft.playready.recommendation.3000: Internal testing is highly recommended prior to enabling PlayReady playback on Windows. Failure to do so may cause application instability or playback errors.

Before generating a request, setServerCertificate() must be called with a valid server certificate. Otherwise, generateRequest() could fail. @ https://embed-cdn.spotifycdn.com/_next/static/chunks/5039.a54f1bd47316601a.js:0
[   14376ms] [WARNING] com.microsoft.playready.recommendation: Internal testing is highly recommended prior to enabling PlayReady playback on Windows. Failure to do so may cause application instability or playback errors.

Before generating a request, setServerCertificate() must be called with a valid server certificate. Otherwise, generateRequest() could fail. @ https://embed-cdn.spotifycdn.com/_next/static/chunks/5039.a54f1bd47316601a.js:0
[   14376ms] [WARNING] com.microsoft.playready.recommendation.3000: Internal testing is highly recommended prior to enabling PlayReady playback on Windows. Failure to do so may cause application instability or playback errors.

Before generating a request, setServerCertificate() must be called with a valid server certificate. Otherwise, generateRequest() could fail. @ https://embed-cdn.spotifycdn.com/_next/static/chunks/5039.a54f1bd47316601a.js:0
