[     217ms] [INFO] %cDownload the React DevTools for a better development experience: https://react.dev/link/react-devtools font-weight:bold @ http://localhost:3000/_next/static/chunks/node_modules_next_dist_1e8vcs8._.js:776
[     272ms] [LOG] [HMR] connected @ http://localhost:3000/_next/static/chunks/node_modules_next_dist_1e8vcs8._.js:776
[   34706ms] [WARNING] com.microsoft.playready.recommendation: Internal testing is highly recommended prior to enabling PlayReady playback on Windows. Failure to do so may cause application instability or playback errors.

Before generating a request, setServerCertificate() must be called with a valid server certificate. Otherwise, generateRequest() could fail. @ https://embed-cdn.spotifycdn.com/_next/static/chunks/5039.a54f1bd47316601a.js:0
[   34706ms] [WARNING] com.microsoft.playready.recommendation.3000: Internal testing is highly recommended prior to enabling PlayReady playback on Windows. Failure to do so may cause application instability or playback errors.

Before generating a request, setServerCertificate() must be called with a valid server certificate. Otherwise, generateRequest() could fail. @ https://embed-cdn.spotifycdn.com/_next/static/chunks/5039.a54f1bd47316601a.js:0
[   35303ms] [WARNING] com.microsoft.playready.recommendation: Internal testing is highly recommended prior to enabling PlayReady playback on Windows. Failure to do so may cause application instability or playback errors.

Before generating a request, setServerCertificate() must be called with a valid server certificate. Otherwise, generateRequest() could fail. @ https://embed-cdn.spotifycdn.com/_next/static/chunks/5039.a54f1bd47316601a.js:0
[   35303ms] [WARNING] com.microsoft.playready.recommendation.3000: Internal testing is highly recommended prior to enabling PlayReady playback on Windows. Failure to do so may cause application instability or playback errors.

Before generating a request, setServerCertificate() must be called with a valid server certificate. Otherwise, generateRequest() could fail. @ https://embed-cdn.spotifycdn.com/_next/static/chunks/5039.a54f1bd47316601a.js:0
[   34706ms] [WARNING] com.microsoft.playready.recommendation: Internal testing is highly recommended prior to enabling PlayReady playback on Windows. Failure to do so may cause application instability or playback errors.

Before generating a request, setServerCertificate() must be called with a valid server certificate. Otherwise, generateRequest() could fail. @ https://embed-cdn.spotifycdn.com/_next/static/chunks/5039.a54f1bd47316601a.js:0
[   34706ms] [WARNING] com.microsoft.playready.recommendation.3000: Internal testing is highly recommended prior to enabling PlayReady playback on Windows. Failure to do so may cause application instability or playback errors.

Before generating a request, setServerCertificate() must be called with a valid server certificate. Otherwise, generateRequest() could fail. @ https://embed-cdn.spotifycdn.com/_next/static/chunks/5039.a54f1bd47316601a.js:0
[   35303ms] [WARNING] com.microsoft.playready.recommendation: Internal testing is highly recommended prior to enabling PlayReady playback on Windows. Failure to do so may cause application instability or playback errors.

Before generating a request, setServerCertificate() must be called with a valid server certificate. Otherwise, generateRequest() could fail. @ https://embed-cdn.spotifycdn.com/_next/static/chunks/5039.a54f1bd47316601a.js:0
[   35303ms] [WARNING] com.microsoft.playready.recommendation.3000: Internal testing is highly recommended prior to enabling PlayReady playback on Windows. Failure to do so may cause application instability or playback errors.

Before generating a request, setServerCertificate() must be called with a valid server certificate. Otherwise, generateRequest() could fail. @ https://embed-cdn.spotifycdn.com/_next/static/chunks/5039.a54f1bd47316601a.js:0
[   38024ms] [WARNING] com.microsoft.playready.recommendation: Internal testing is highly recommended prior to enabling PlayReady playback on Windows. Failure to do so may cause application instability or playback errors.

Before generating a request, setServerCertificate() must be called with a valid server certificate. Otherwise, generateRequest() could fail. @ https://embed-cdn.spotifycdn.com/_next/static/chunks/5039.a54f1bd47316601a.js:0
[   38025ms] [WARNING] com.microsoft.playready.recommendation.3000: Internal testing is highly recommended prior to enabling PlayReady playback on Windows. Failure to do so may cause application instability or playback errors.

Before generating a request, setServerCertificate() must be called with a valid server certificate. Otherwise, generateRequest() could fail. @ https://embed-cdn.spotifycdn.com/_next/static/chunks/5039.a54f1bd47316601a.js:0
[   38043ms] [WARNING] com.microsoft.playready.recommendation: Internal testing is highly recommended prior to enabling PlayReady playback on Windows. Failure to do so may cause application instability or playback errors.

Before generating a request, setServerCertificate() must be called with a valid server certificate. Otherwise, generateRequest() could fail. @ https://embed-cdn.spotifycdn.com/_next/static/chunks/5039.a54f1bd47316601a.js:0
[   38043ms] [WARNING] com.microsoft.playready.recommendation.3000: Internal testing is highly recommended prior to enabling PlayReady playback on Windows. Failure to do so may cause application instability or playback errors.

Before generating a request, setServerCertificate() must be called with a valid server certificate. Otherwise, generateRequest() could fail. @ https://embed-cdn.spotifycdn.com/_next/static/chunks/5039.a54f1bd47316601a.js:0
[  323983ms] [WARNING] com.microsoft.playready.recommendation: Internal testing is highly recommended prior to enabling PlayReady playback on Windows. Failure to do so may cause application instability or playback errors.

Before generating a request, setServerCertificate() must be called with a valid server certificate. Otherwise, generateRequest() could fail. @ https://embed-cdn.spotifycdn.com/_next/static/chunks/5039.a54f1bd47316601a.js:0
[  323983ms] [WARNING] com.microsoft.playready.recommendation.3000: Internal testing is highly recommended prior to enabling PlayReady playback on Windows. Failure to do so may cause application instability or playback errors.

Before generating a request, setServerCertificate() must be called with a valid server certificate. Otherwise, generateRequest() could fail. @ https://embed-cdn.spotifycdn.com/_next/static/chunks/5039.a54f1bd47316601a.js:0
[  323991ms] [WARNING] com.microsoft.playready.recommendation: Internal testing is highly recommended prior to enabling PlayReady playback on Windows. Failure to do so may cause application instability or playback errors.

Before generating a request, setServerCertificate() must be called with a valid server certificate. Otherwise, generateRequest() could fail. @ https://embed-cdn.spotifycdn.com/_next/static/chunks/5039.a54f1bd47316601a.js:0
[  323991ms] [WARNING] com.microsoft.playready.recommendation.3000: Internal testing is highly recommended prior to enabling PlayReady playback on Windows. Failure to do so may cause application instability or playback errors.

Before generating a request, setServerCertificate() must be called with a valid server certificate. Otherwise, generateRequest() could fail. @ https://embed-cdn.spotifycdn.com/_next/static/chunks/5039.a54f1bd47316601a.js:0
[  323983ms] [WARNING] com.microsoft.playready.recommendation: Internal testing is highly recommended prior to enabling PlayReady playback on Windows. Failure to do so may cause application instability or playback errors.

Before generating a request, setServerCertificate() must be called with a valid server certificate. Otherwise, generateRequest() could fail. @ https://embed-cdn.spotifycdn.com/_next/static/chunks/5039.a54f1bd47316601a.js:0
[  323983ms] [WARNING] com.microsoft.playready.recommendation.3000: Internal testing is highly recommended prior to enabling PlayReady playback on Windows. Failure to do so may cause application instability or playback errors.

Before generating a request, setServerCertificate() must be called with a valid server certificate. Otherwise, generateRequest() could fail. @ https://embed-cdn.spotifycdn.com/_next/static/chunks/5039.a54f1bd47316601a.js:0
[  323991ms] [WARNING] com.microsoft.playready.recommendation: Internal testing is highly recommended prior to enabling PlayReady playback on Windows. Failure to do so may cause application instability or playback errors.

Before generating a request, setServerCertificate() must be called with a valid server certificate. Otherwise, generateRequest() could fail. @ https://embed-cdn.spotifycdn.com/_next/static/chunks/5039.a54f1bd47316601a.js:0
[  323991ms] [WARNING] com.microsoft.playready.recommendation.3000: Internal testing is highly recommended prior to enabling PlayReady playback on Windows. Failure to do so may cause application instability or playback errors.

Before generating a request, setServerCertificate() must be called with a valid server certificate. Otherwise, generateRequest() could fail. @ https://embed-cdn.spotifycdn.com/_next/static/chunks/5039.a54f1bd47316601a.js:0
[  324851ms] [WARNING] com.microsoft.playready.recommendation: Internal testing is highly recommended prior to enabling PlayReady playback on Windows. Failure to do so may cause application instability or playback errors.

Before generating a request, setServerCertificate() must be called with a valid server certificate. Otherwise, generateRequest() could fail. @ https://embed-cdn.spotifycdn.com/_next/static/chunks/5039.a54f1bd47316601a.js:0
[  324852ms] [WARNING] com.microsoft.playready.recommendation.3000: Internal testing is highly recommended prior to enabling PlayReady playback on Windows. Failure to do so may cause application instability or playback errors.

Before generating a request, setServerCertificate() must be called with a valid server certificate. Otherwise, generateRequest() could fail. @ https://embed-cdn.spotifycdn.com/_next/static/chunks/5039.a54f1bd47316601a.js:0
[  324866ms] [WARNING] com.microsoft.playready.recommendation: Internal testing is highly recommended prior to enabling PlayReady playback on Windows. Failure to do so may cause application instability or playback errors.

Before generating a request, setServerCertificate() must be called with a valid server certificate. Otherwise, generateRequest() could fail. @ https://embed-cdn.spotifycdn.com/_next/static/chunks/5039.a54f1bd47316601a.js:0
[  324866ms] [WARNING] com.microsoft.playready.recommendation.3000: Internal testing is highly recommended prior to enabling PlayReady playback on Windows. Failure to do so may cause application instability or playback errors.

Before generating a request, setServerCertificate() must be called with a valid server certificate. Otherwise, generateRequest() could fail. @ https://embed-cdn.spotifycdn.com/_next/static/chunks/5039.a54f1bd47316601a.js:0
