[     271ms] [INFO] %cDownload the React DevTools for a better development experience: https://react.dev/link/react-devtools font-weight:bold @ http://localhost:3000/_next/static/chunks/node_modules_next_dist_1e8vcs8._.js:776
[     304ms] [LOG] [HMR] connected @ http://localhost:3000/_next/static/chunks/node_modules_next_dist_1e8vcs8._.js:776
[    1050ms] [WARNING] com.microsoft.playready.recommendation: Internal testing is highly recommended prior to enabling PlayReady playback on Windows. Failure to do so may cause application instability or playback errors.

Before generating a request, setServerCertificate() must be called with a valid server certificate. Otherwise, generateRequest() could fail. @ https://embed-cdn.spotifycdn.com/_next/static/chunks/5039.a54f1bd47316601a.js:0
[    1050ms] [WARNING] com.microsoft.playready.recommendation.3000: Internal testing is highly recommended prior to enabling PlayReady playback on Windows. Failure to do so may cause application instability or playback errors.

Before generating a request, setServerCertificate() must be called with a valid server certificate. Otherwise, generateRequest() could fail. @ https://embed-cdn.spotifycdn.com/_next/static/chunks/5039.a54f1bd47316601a.js:0
[    1055ms] [WARNING] com.microsoft.playready.recommendation: Internal testing is highly recommended prior to enabling PlayReady playback on Windows. Failure to do so may cause application instability or playback errors.

Before generating a request, setServerCertificate() must be called with a valid server certificate. Otherwise, generateRequest() could fail. @ https://embed-cdn.spotifycdn.com/_next/static/chunks/5039.a54f1bd47316601a.js:0
[    1055ms] [WARNING] com.microsoft.playready.recommendation.3000: Internal testing is highly recommended prior to enabling PlayReady playback on Windows. Failure to do so may cause application instability or playback errors.

Before generating a request, setServerCertificate() must be called with a valid server certificate. Otherwise, generateRequest() could fail. @ https://embed-cdn.spotifycdn.com/_next/static/chunks/5039.a54f1bd47316601a.js:0
[    1099ms] [WARNING] com.microsoft.playready.recommendation: Internal testing is highly recommended prior to enabling PlayReady playback on Windows. Failure to do so may cause application instability or playback errors.

Before generating a request, setServerCertificate() must be called with a valid server certificate. Otherwise, generateRequest() could fail. @ https://embed-cdn.spotifycdn.com/_next/static/chunks/5039.a54f1bd47316601a.js:0
[    1099ms] [WARNING] com.microsoft.playready.recommendation.3000: Internal testing is highly recommended prior to enabling PlayReady playback on Windows. Failure to do so may cause application instability or playback errors.

Before generating a request, setServerCertificate() must be called with a valid server certificate. Otherwise, generateRequest() could fail. @ https://embed-cdn.spotifycdn.com/_next/static/chunks/5039.a54f1bd47316601a.js:0
[    1110ms] [WARNING] com.microsoft.playready.recommendation: Internal testing is highly recommended prior to enabling PlayReady playback on Windows. Failure to do so may cause application instability or playback errors.

Before generating a request, setServerCertificate() must be called with a valid server certificate. Otherwise, generateRequest() could fail. @ https://embed-cdn.spotifycdn.com/_next/static/chunks/5039.a54f1bd47316601a.js:0
[    1110ms] [WARNING] com.microsoft.playready.recommendation.3000: Internal testing is highly recommended prior to enabling PlayReady playback on Windows. Failure to do so may cause application instability or playback errors.

Before generating a request, setServerCertificate() must be called with a valid server certificate. Otherwise, generateRequest() could fail. @ https://embed-cdn.spotifycdn.com/_next/static/chunks/5039.a54f1bd47316601a.js:0
[    1122ms] [WARNING] com.microsoft.playready.recommendation: Internal testing is highly recommended prior to enabling PlayReady playback on Windows. Failure to do so may cause application instability or playback errors.

Before generating a request, setServerCertificate() must be called with a valid server certificate. Otherwise, generateRequest() could fail. @ https://embed-cdn.spotifycdn.com/_next/static/chunks/5039.a54f1bd47316601a.js:0
[    1122ms] [WARNING] com.microsoft.playready.recommendation.3000: Internal testing is highly recommended prior to enabling PlayReady playback on Windows. Failure to do so may cause application instability or playback errors.

Before generating a request, setServerCertificate() must be called with a valid server certificate. Otherwise, generateRequest() could fail. @ https://embed-cdn.spotifycdn.com/_next/static/chunks/5039.a54f1bd47316601a.js:0
[    1680ms] [WARNING] com.microsoft.playready.recommendation: Internal testing is highly recommended prior to enabling PlayReady playback on Windows. Failure to do so may cause application instability or playback errors.

Before generating a request, setServerCertificate() must be called with a valid server certificate. Otherwise, generateRequest() could fail. @ https://embed-cdn.spotifycdn.com/_next/static/chunks/5039.a54f1bd47316601a.js:0
[    1680ms] [WARNING] com.microsoft.playready.recommendation.3000: Internal testing is highly recommended prior to enabling PlayReady playback on Windows. Failure to do so may cause application instability or playback errors.

Before generating a request, setServerCertificate() must be called with a valid server certificate. Otherwise, generateRequest() could fail. @ https://embed-cdn.spotifycdn.com/_next/static/chunks/5039.a54f1bd47316601a.js:0
[    1682ms] [WARNING] com.microsoft.playready.recommendation: Internal testing is highly recommended prior to enabling PlayReady playback on Windows. Failure to do so may cause application instability or playback errors.

Before generating a request, setServerCertificate() must be called with a valid server certificate. Otherwise, generateRequest() could fail. @ https://embed-cdn.spotifycdn.com/_next/static/chunks/5039.a54f1bd47316601a.js:0
[    1682ms] [WARNING] com.microsoft.playready.recommendation.3000: Internal testing is highly recommended prior to enabling PlayReady playback on Windows. Failure to do so may cause application instability or playback errors.

Before generating a request, setServerCertificate() must be called with a valid server certificate. Otherwise, generateRequest() could fail. @ https://embed-cdn.spotifycdn.com/_next/static/chunks/5039.a54f1bd47316601a.js:0
[    1683ms] [WARNING] com.microsoft.playready.recommendation: Internal testing is highly recommended prior to enabling PlayReady playback on Windows. Failure to do so may cause application instability or playback errors.

Before generating a request, setServerCertificate() must be called with a valid server certificate. Otherwise, generateRequest() could fail. @ https://embed-cdn.spotifycdn.com/_next/static/chunks/5039.a54f1bd47316601a.js:0
[    1683ms] [WARNING] com.microsoft.playready.recommendation.3000: Internal testing is highly recommended prior to enabling PlayReady playback on Windows. Failure to do so may cause application instability or playback errors.

Before generating a request, setServerCertificate() must be called with a valid server certificate. Otherwise, generateRequest() could fail. @ https://embed-cdn.spotifycdn.com/_next/static/chunks/5039.a54f1bd47316601a.js:0
[    1684ms] [WARNING] com.microsoft.playready.recommendation: Internal testing is highly recommended prior to enabling PlayReady playback on Windows. Failure to do so may cause application instability or playback errors.

Before generating a request, setServerCertificate() must be called with a valid server certificate. Otherwise, generateRequest() could fail. @ https://embed-cdn.spotifycdn.com/_next/static/chunks/5039.a54f1bd47316601a.js:0
[    1684ms] [WARNING] com.microsoft.playready.recommendation.3000: Internal testing is highly recommended prior to enabling PlayReady playback on Windows. Failure to do so may cause application instability or playback errors.

Before generating a request, setServerCertificate() must be called with a valid server certificate. Otherwise, generateRequest() could fail. @ https://embed-cdn.spotifycdn.com/_next/static/chunks/5039.a54f1bd47316601a.js:0
[    1685ms] [WARNING] com.microsoft.playready.recommendation: Internal testing is highly recommended prior to enabling PlayReady playback on Windows. Failure to do so may cause application instability or playback errors.

Before generating a request, setServerCertificate() must be called with a valid server certificate. Otherwise, generateRequest() could fail. @ https://embed-cdn.spotifycdn.com/_next/static/chunks/5039.a54f1bd47316601a.js:0
[    1685ms] [WARNING] com.microsoft.playready.recommendation.3000: Internal testing is highly recommended prior to enabling PlayReady playback on Windows. Failure to do so may cause application instability or playback errors.

Before generating a request, setServerCertificate() must be called with a valid server certificate. Otherwise, generateRequest() could fail. @ https://embed-cdn.spotifycdn.com/_next/static/chunks/5039.a54f1bd47316601a.js:0
